exports[`test renders correctly 1`] = `
<View
  style={
    Object {
      "flex": 1,
      "paddingLeft": 20,
      "paddingRight": 20,
    }
  }>
  <View
    style={
      Object {
        "flex": 7,
        "justifyContent": "center",
      }
    }>
    <Text
      accessible={true}
      allowFontScaling={true}
      ellipsizeMode="tail"
      style={
        Object {
          "color": "#005263",
          "fontSize": 20,
          "fontWeight": "bold",
          "textAlign": "center",
        }
      }>
      lala
    </Text>
  </View>
  <View
    style={
      Object {
        "flex": 2,
      }
    }>
    <Text
      accessible={true}
      allowFontScaling={true}
      ellipsizeMode="tail"
      style={
        Object {
          "textAlign": "right",
        }
      }>
      04
      /
      04
      /
      2016
       
      vitor
    </Text>
  </View>
  <View
    style={
      Object {
        "flex": 17,
      }
    }>
    <View
      style={
        Object {
          "flex": 1,
        }
      }>
      <RCTWebView
        allowsInlineMediaPlayback={undefined}
        automaticallyAdjustContentInsets={undefined}
        bounces={undefined}
        contentInset={undefined}
        dataDetectorTypes={undefined}
        decelerationRate={undefined}
        injectedJavaScript={undefined}
        mediaPlaybackRequiresUserAction={undefined}
        messagingEnabled={false}
        onLoadingError={[Function]}
        onLoadingFinish={[Function]}
        onLoadingStart={[Function]}
        onMessage={[Function]}
        onShouldStartLoadWithRequest={undefined}
        scalesPageToFit={undefined}
        scrollEnabled={undefined}
        source={
          Object {
            "html": "<img src=\"https://fga.unb.br/unb-gama/imagens/imagens.png\" />",
          }
        }
        style={
          Array [
            Object {
              "flex": 1,
            },
            Object {
              "backgroundColor": "#ffffff",
            },
            undefined,
          ]
        } />
    </View>
  </View>
</View>
`;
