exports[`test renders correctly 1`] = `
<View
  style={
    Object {
      "backgroundColor": "lightblue",
      "flex": 1,
    }
  }>
  <ScrollView
    dataSource={
      ListViewDataSource {
        "items": 3,
      }
    }
    initialListSize={10}
    onContentSizeChange={[Function]}
    onEndReachedThreshold={1000}
    onKeyboardDidHide={undefined}
    onKeyboardDidShow={undefined}
    onKeyboardWillHide={undefined}
    onKeyboardWillShow={undefined}
    onLayout={[Function]}
    onScroll={[Function]}
    pageSize={1}
    removeClippedSubviews={true}
    renderRow={[Function]}
    scrollEventThrottle={50}
    scrollRenderAheadDistance={1000}
    stickyHeaderIndices={Array []}>
    <View
      accessibilityComponentType={undefined}
      accessibilityLabel={undefined}
      accessibilityTraits={undefined}
      accessible={true}
      hitSlop={undefined}
      onLayout={undefined}
      onResponderGrant={[Function]}
      onResponderMove={[Function]}
      onResponderRelease={[Function]}
      onResponderTerminate={[Function]}
      onResponderTerminationRequest={[Function]}
      onStartShouldSetResponder={[Function]}
      style={
        Object {
          "opacity": 1,
        }
      }
      testID={undefined}>
      <View
        style={
          Object {
            "flexDirection": "row",
            "padding": 5,
          }
        }>
        <View
          style={
            Object {
              "flex": 1,
              "justifyContent": "center",
            }
          }>
          <Text
            accessible={true}
            allowFontScaling={false}
            ellipsizeMode="tail"
            style={
              Array [
                Object {
                  "color": undefined,
                  "fontSize": 12,
                },
                Object {
                  "fontSize": 21,
                  "justifyContent": "center",
                  "textAlign": "center",
                },
                Object {
                  "fontFamily": "FontAwesome",
                  "fontStyle": "normal",
                  "fontWeight": "normal",
                },
              ]
            }>
            
          </Text>
        </View>
        <View
          style={
            Object {
              "flex": 8,
              "justifyContent": "center",
            }
          }>
          <Text
            accessible={true}
            allowFontScaling={true}
            ellipsizeMode="tail"
            style={
              Object {
                "fontSize": 21,
              }
            }>
            Professores
          </Text>
        </View>
      </View>
    </View>
    <View
      accessibilityComponentType={undefined}
      accessibilityLabel={undefined}
      accessibilityTraits={undefined}
      accessible={true}
      hitSlop={undefined}
      onLayout={undefined}
      onResponderGrant={[Function]}
      onResponderMove={[Function]}
      onResponderRelease={[Function]}
      onResponderTerminate={[Function]}
      onResponderTerminationRequest={[Function]}
      onStartShouldSetResponder={[Function]}
      style={
        Object {
          "opacity": 1,
        }
      }
      testID={undefined}>
      <View
        style={
          Object {
            "flexDirection": "row",
            "padding": 5,
          }
        }>
        <View
          style={
            Object {
              "flex": 1,
              "justifyContent": "center",
            }
          }>
          <Text
            accessible={true}
            allowFontScaling={false}
            ellipsizeMode="tail"
            style={
              Array [
                Object {
                  "color": undefined,
                  "fontSize": 12,
                },
                Object {
                  "fontSize": 21,
                  "justifyContent": "center",
                  "textAlign": "center",
                },
                Object {
                  "fontFamily": "FontAwesome",
                  "fontStyle": "normal",
                  "fontWeight": "normal",
                },
              ]
            }>
            
          </Text>
        </View>
        <View
          style={
            Object {
              "flex": 8,
              "justifyContent": "center",
            }
          }>
          <Text
            accessible={true}
            allowFontScaling={true}
            ellipsizeMode="tail"
            style={
              Object {
                "fontSize": 21,
              }
            }>
            Tcc
          </Text>
        </View>
      </View>
    </View>
    <View
      accessibilityComponentType={undefined}
      accessibilityLabel={undefined}
      accessibilityTraits={undefined}
      accessible={true}
      hitSlop={undefined}
      onLayout={undefined}
      onResponderGrant={[Function]}
      onResponderMove={[Function]}
      onResponderRelease={[Function]}
      onResponderTerminate={[Function]}
      onResponderTerminationRequest={[Function]}
      onStartShouldSetResponder={[Function]}
      style={
        Object {
          "opacity": 1,
        }
      }
      testID={undefined}>
      <View
        style={
          Object {
            "flexDirection": "row",
            "padding": 5,
          }
        }>
        <View
          style={
            Object {
              "flex": 1,
              "justifyContent": "center",
            }
          }>
          <Text
            accessible={true}
            allowFontScaling={false}
            ellipsizeMode="tail"
            style={
              Array [
                Object {
                  "color": undefined,
                  "fontSize": 12,
                },
                Object {
                  "fontSize": 21,
                  "justifyContent": "center",
                  "textAlign": "center",
                },
                Object {
                  "fontFamily": "FontAwesome",
                  "fontStyle": "normal",
                  "fontWeight": "normal",
                },
              ]
            }>
            
          </Text>
        </View>
        <View
          style={
            Object {
              "flex": 8,
              "justifyContent": "center",
            }
          }>
          <Text
            accessible={true}
            allowFontScaling={true}
            ellipsizeMode="tail"
            style={
              Object {
                "fontSize": 21,
              }
            }>
            Sobre
          </Text>
        </View>
      </View>
    </View>
  </ScrollView>
</View>
`;
