exports[`test renders correctly 1`] = `
<View
  style={
    Object {
      "flex": 1,
    }
  }>
  <View
    style={
      Object {
        "flex": 9,
      }
    }>
    <View
      onLayout={[Function]}
      style={
        Array [
          Object {
            "backgroundColor": "transparent",
            "flex": 1,
          },
          undefined,
        ]
      }>
      <View
        style={
          Object {
            "flex": 1,
          }
        }>
        <View
          onMoveShouldSetResponder={[Function]}
          onMoveShouldSetResponderCapture={[Function]}
          onResponderEnd={[Function]}
          onResponderGrant={[Function]}
          onResponderMove={[Function]}
          onResponderReject={[Function]}
          onResponderRelease={[Function]}
          onResponderStart={[Function]}
          onResponderTerminate={[Function]}
          onResponderTerminationRequest={[Function]}
          onStartShouldSetResponder={[Function]}
          onStartShouldSetResponderCapture={[Function]}
          pointerEvents="auto"
          style={
            Object {
              "backgroundColor": "white",
              "bottom": 0,
              "left": 0,
              "opacity": 1,
              "position": "absolute",
              "right": 0,
              "top": 0,
              "transform": Array [
                Object {
                  "translateX": 0,
                },
                Object {
                  "translateY": 0,
                },
              ],
            }
          }>
          <View
            style={
              Array [
                Object {
                  "flex": 1,
                },
                undefined,
              ]
            }>
            <View
              style={
                Object {
                  "alignItems": "center",
                  "backgroundColor": "yellow",
                  "flex": 1,
                  "justifyContent": "center",
                }
              }>
              <Text
                accessible={true}
                allowFontScaling={true}
                ellipsizeMode="tail">
                News
              </Text>
            </View>
          </View>
        </View>
      </View>
    </View>
  </View>
  <View
    style={
      Object {
        "flex": 1,
      }
    }>
    <View
      style={
        Object {
          "backgroundColor": "#efefef",
          "borderTopWidth": 1,
          "flex": 1,
          "flexDirection": "row",
        }
      }>
      <View
        style={
          Object {
            "alignItems": "center",
            "flex": 1,
            "justifyContent": "center",
          }
        }>
        <View
          accessibilityComponentType={undefined}
          accessibilityLabel={undefined}
          accessibilityTraits={undefined}
          accessible={true}
          hitSlop={undefined}
          onLayout={undefined}
          onResponderGrant={[Function]}
          onResponderMove={[Function]}
          onResponderRelease={[Function]}
          onResponderTerminate={[Function]}
          onResponderTerminationRequest={[Function]}
          onStartShouldSetResponder={[Function]}
          style={
            Object {
              "opacity": 1,
            }
          }
          testID={undefined}>
          <Text
            accessible={true}
            allowFontScaling={false}
            ellipsizeMode="tail"
            style={
              Array [
                Object {
                  "color": "#333",
                  "fontSize": 60,
                },
                undefined,
                Object {
                  "fontFamily": "FontAwesome",
                  "fontStyle": "normal",
                  "fontWeight": "normal",
                },
              ]
            }>
            
          </Text>
        </View>
      </View>
      <View
        style={
          Object {
            "alignItems": "center",
            "flex": 1,
            "justifyContent": "center",
          }
        }>
        <View
          accessibilityComponentType={undefined}
          accessibilityLabel={undefined}
          accessibilityTraits={undefined}
          accessible={true}
          hitSlop={undefined}
          onLayout={undefined}
          onResponderGrant={[Function]}
          onResponderMove={[Function]}
          onResponderRelease={[Function]}
          onResponderTerminate={[Function]}
          onResponderTerminationRequest={[Function]}
          onStartShouldSetResponder={[Function]}
          style={
            Object {
              "opacity": 1,
            }
          }
          testID={undefined}>
          <Text
            accessible={true}
            allowFontScaling={false}
            ellipsizeMode="tail"
            style={
              Array [
                Object {
                  "color": "#333",
                  "fontSize": 60,
                },
                undefined,
                Object {
                  "fontFamily": "FontAwesome",
                  "fontStyle": "normal",
                  "fontWeight": "normal",
                },
              ]
            }>
            
          </Text>
        </View>
      </View>
      <View
        style={
          Object {
            "alignItems": "center",
            "flex": 1,
            "justifyContent": "center",
          }
        }>
        <View
          accessibilityComponentType={undefined}
          accessibilityLabel={undefined}
          accessibilityTraits={undefined}
          accessible={true}
          hitSlop={undefined}
          onLayout={undefined}
          onResponderGrant={[Function]}
          onResponderMove={[Function]}
          onResponderRelease={[Function]}
          onResponderTerminate={[Function]}
          onResponderTerminationRequest={[Function]}
          onStartShouldSetResponder={[Function]}
          style={
            Object {
              "opacity": 1,
            }
          }
          testID={undefined}>
          <Text
            accessible={true}
            allowFontScaling={false}
            ellipsizeMode="tail"
            style={
              Array [
                Object {
                  "color": "#333",
                  "fontSize": 60,
                },
                undefined,
                Object {
                  "fontFamily": "FontAwesome",
                  "fontStyle": "normal",
                  "fontWeight": "normal",
                },
              ]
            }>
            
          </Text>
        </View>
      </View>
    </View>
  </View>
</View>
`;
